.
COPYING
ChangeLog
Makefile
README
VERSION
appconfig
appconfig/default_contexts
appconfig/default_type
appconfig/initrc_context
assert.te
attrib.te
constraints
domains
domains/admin.te
domains/misc
domains/misc/kernel.te
domains/misc/unused
domains/misc/unused/auth-net.te
domains/misc/unused/fcron.te
domains/misc/unused/startx.te
domains/misc/userspace_objmgr.te
domains/misc/xclient.te
domains/program
domains/program/apache.te
domains/program/atrun.te
domains/program/checkpolicy.te
domains/program/chkpwd.te
domains/program/cleanvar.te
domains/program/crond.te
domains/program/crontab.te
domains/program/devd.te
domains/program/dhcpc.te
domains/program/dmesg.te
domains/program/fsadm.te
domains/program/getty.te
domains/program/hostname.te
domains/program/ifconfig.te
domains/program/init.te
domains/program/initrc.te
domains/program/klogd.te
domains/program/ldconfig.te
domains/program/load_policy.te
domains/program/login.te
domains/program/logrotate.te
domains/program/lpd.te
domains/program/lpr.te
domains/program/modutil.te
domains/program/mount.te
domains/program/mta.te
domains/program/named.te
domains/program/netutils.te
domains/program/newrole.te
domains/program/passwd.te
domains/program/restorecon.te
domains/program/rpcd.te
domains/program/save-entropy.te
domains/program/sendmail.te
domains/program/setfiles.te
domains/program/ssh.te
domains/program/su.te
domains/program/sulogin.te
domains/program/syslogd.te
domains/program/tmpreaper.te
domains/program/unconfined.te
domains/program/unused
domains/program/unused/acct.te
domains/program/unused/amanda.te
domains/program/unused/amavis.te
domains/program/unused/anaconda.te
domains/program/unused/apache.te
domains/program/unused/apmd.te
domains/program/unused/asterisk.te
domains/program/unused/audio-entropyd.te
domains/program/unused/auditd.te
domains/program/unused/authbind.te
domains/program/unused/automount.te
domains/program/unused/backup.te
domains/program/unused/bluetooth.te
domains/program/unused/bootloader.te
domains/program/unused/calamaris.te
domains/program/unused/canna.te
domains/program/unused/cardmgr.te
domains/program/unused/chroot.te
domains/program/unused/ciped.te
domains/program/unused/clamav.te
domains/program/unused/consoletype.te
domains/program/unused/courier.te
domains/program/unused/cpucontrol.te
domains/program/unused/cpuspeed.te
domains/program/unused/crack.te
domains/program/unused/cups.te
domains/program/unused/cvs.te
domains/program/unused/cyrus.te
domains/program/unused/dbusd.te
domains/program/unused/ddt-client.te
domains/program/unused/devfsd.te
domains/program/unused/dhcpc.te
domains/program/unused/dhcpd.te
domains/program/unused/dictd.te
domains/program/unused/distcc.te
domains/program/unused/dnsmasq.te
domains/program/unused/dovecot.te
domains/program/unused/dpkg.te
domains/program/unused/fingerd.te
domains/program/unused/firstboot.te
domains/program/unused/fs_daemon.te
domains/program/unused/ftpd.te
domains/program/unused/games.te
domains/program/unused/gatekeeper.te
domains/program/unused/gnome-pty-helper.te
domains/program/unused/gpg-agent.te
domains/program/unused/gpg.te
domains/program/unused/gpm.te
domains/program/unused/hald.te
domains/program/unused/hotplug.te
domains/program/unused/howl.te
domains/program/unused/hwclock.te
domains/program/unused/i18n_input.te
domains/program/unused/imazesrv.te
domains/program/unused/inetd.te
domains/program/unused/innd.te
domains/program/unused/ipsec.te
domains/program/unused/iptables.te
domains/program/unused/irc.te
domains/program/unused/ircd.te
domains/program/unused/irqbalance.te
domains/program/unused/jabberd.te
domains/program/unused/kerberos.te
domains/program/unused/kudzu.te
domains/program/unused/lcd.te
domains/program/unused/loadkeys.te
domains/program/unused/lpd.te
domains/program/unused/lpr.te
domains/program/unused/lrrd.te
domains/program/unused/lvm.te
domains/program/unused/mailman.te
domains/program/unused/mdadm.te
domains/program/unused/monopd.te
domains/program/unused/mozilla.te
domains/program/unused/mrtg.te
domains/program/unused/mta.te
domains/program/unused/mysqld.te
domains/program/unused/nagios.te
domains/program/unused/named.te
domains/program/unused/nessusd.te
domains/program/unused/nrpe.te
domains/program/unused/nscd.te
domains/program/unused/nsd.te
domains/program/unused/ntpd.te
domains/program/unused/oav-update.te
domains/program/unused/openca-ca.te
domains/program/unused/openvpn.te
domains/program/unused/pam.te
domains/program/unused/pamconsole.te
domains/program/unused/perdition.te
domains/program/unused/ping.te
domains/program/unused/portmap.te
domains/program/unused/portslave.te
domains/program/unused/postfix.te
domains/program/unused/postgresql.te
domains/program/unused/postgrey.te
domains/program/unused/pppd.te
domains/program/unused/prelink.te
domains/program/unused/privoxy.te
domains/program/unused/procmail.te
domains/program/unused/pump.te
domains/program/unused/pxe.te
domains/program/unused/qmail.te
domains/program/unused/quota.te
domains/program/unused/radius.te
domains/program/unused/radvd.te
domains/program/unused/rhgb.te
domains/program/unused/rlogind.te
domains/program/unused/rpcd.te
domains/program/unused/rpm.te
domains/program/unused/rshd.te
domains/program/unused/samba.te
domains/program/unused/saslauthd.te
domains/program/unused/scannerdaemon.te
domains/program/unused/screen.te
domains/program/unused/screensaver.te
domains/program/unused/sendmail.te
domains/program/unused/seuser.te
domains/program/unused/slapd.te
domains/program/unused/slocate.te
domains/program/unused/slrnpull.te
domains/program/unused/snmpd.te
domains/program/unused/snort.te
domains/program/unused/sound-server.te
domains/program/unused/sound.te
domains/program/unused/spamassassin.te
domains/program/unused/spamc.te
domains/program/unused/spamd.te
domains/program/unused/speedmgmt.te
domains/program/unused/squid.te
domains/program/unused/ssh-agent.te
domains/program/unused/sudo.te
domains/program/unused/sxid.te
domains/program/unused/sysstat.te
domains/program/unused/tcpd.te
domains/program/unused/tftpd.te
domains/program/unused/tinydns.te
domains/program/unused/traceroute.te
domains/program/unused/transproxy.te
domains/program/unused/udev.te
domains/program/unused/uml.te
domains/program/unused/uml_net.te
domains/program/unused/updfstab.te
domains/program/unused/uptimed.te
domains/program/unused/usbmodules.te
domains/program/unused/userhelper.te
domains/program/unused/usernetctl.te
domains/program/unused/utempter.te
domains/program/unused/uwimapd.te
domains/program/unused/vmware.te
domains/program/unused/watchdog.te
domains/program/unused/webalizer.te
domains/program/unused/xauth.te
domains/program/unused/xdm.te
domains/program/unused/xfs.te
domains/program/unused/xprint.te
domains/program/unused/xserver.te
domains/program/unused/ypbind.te
domains/program/unused/ypserv.te
domains/program/unused/zebra.te
domains/program/usbd.te
domains/program/useradd.te
domains/user.te
file_contexts
file_contexts/program
file_contexts/program/acct.fc
file_contexts/program/amanda.fc
file_contexts/program/amavis.fc
file_contexts/program/anaconda.fc
file_contexts/program/apache.fc
file_contexts/program/apmd.fc
file_contexts/program/asterisk.fc
file_contexts/program/atrun.fc
file_contexts/program/audio-entropyd.fc
file_contexts/program/auditd.fc
file_contexts/program/authbind.fc
file_contexts/program/automount.fc
file_contexts/program/backup.fc
file_contexts/program/bluetooth.fc
file_contexts/program/bootloader.fc
file_contexts/program/calamaris.fc
file_contexts/program/canna.fc
file_contexts/program/cardmgr.fc
file_contexts/program/checkpolicy.fc
file_contexts/program/chkpwd.fc
file_contexts/program/chroot.fc
file_contexts/program/ciped.fc
file_contexts/program/clamav.fc
file_contexts/program/cleanvar.fc
file_contexts/program/consoletype.fc
file_contexts/program/courier.fc
file_contexts/program/cpucontrol.fc
file_contexts/program/cpuspeed.fc
file_contexts/program/crack.fc
file_contexts/program/crond.fc
file_contexts/program/crontab.fc
file_contexts/program/cups.fc
file_contexts/program/cvs.fc
file_contexts/program/cyrus.fc
file_contexts/program/dbusd.fc
file_contexts/program/ddt-client.fc
file_contexts/program/devd.fc
file_contexts/program/devfsd.fc
file_contexts/program/dhcpc.fc
file_contexts/program/dhcpd.fc
file_contexts/program/dictd.fc
file_contexts/program/distcc.fc
file_contexts/program/dmesg.fc
file_contexts/program/dnsmasq.fc
file_contexts/program/dovecot.fc
file_contexts/program/dpkg.fc
file_contexts/program/fingerd.fc
file_contexts/program/firstboot.fc
file_contexts/program/fs_daemon.fc
file_contexts/program/fsadm.fc
file_contexts/program/ftpd.fc
file_contexts/program/games.fc
file_contexts/program/gatekeeper.fc
file_contexts/program/getty.fc
file_contexts/program/gnome-pty-helper.fc
file_contexts/program/gpg-agent.fc
file_contexts/program/gpg.fc
file_contexts/program/gpm.fc
file_contexts/program/groupadd.fc
file_contexts/program/hald.fc
file_contexts/program/hostname.fc
file_contexts/program/hotplug.fc
file_contexts/program/howl.fc
file_contexts/program/hwclock.fc
file_contexts/program/i18n_input.fc
file_contexts/program/ifconfig.fc
file_contexts/program/imazesrv.fc
file_contexts/program/inetd.fc
file_contexts/program/init.fc
file_contexts/program/initrc.fc
file_contexts/program/innd.fc
file_contexts/program/ipsec.fc
file_contexts/program/iptables.fc
file_contexts/program/irc.fc
file_contexts/program/ircd.fc
file_contexts/program/irqbalance.fc
file_contexts/program/jabberd.fc
file_contexts/program/kerberos.fc
file_contexts/program/klogd.fc
file_contexts/program/kudzu.fc
file_contexts/program/lcd.fc
file_contexts/program/ldconfig.fc
file_contexts/program/load_policy.fc
file_contexts/program/loadkeys.fc
file_contexts/program/login.fc
file_contexts/program/logrotate.fc
file_contexts/program/lpd.fc
file_contexts/program/lpr.fc
file_contexts/program/lrrd.fc
file_contexts/program/lvm.fc
file_contexts/program/mailman.fc
file_contexts/program/mdadm.fc
file_contexts/program/modutil.fc
file_contexts/program/monopd.fc
file_contexts/program/mount.fc
file_contexts/program/mozilla.fc
file_contexts/program/mrtg.fc
file_contexts/program/mta.fc
file_contexts/program/mysqld.fc
file_contexts/program/nagios.fc
file_contexts/program/named.fc
file_contexts/program/nessusd.fc
file_contexts/program/netutils.fc
file_contexts/program/newrole.fc
file_contexts/program/nrpe.fc
file_contexts/program/nscd.fc
file_contexts/program/nsd.fc
file_contexts/program/ntpd.fc
file_contexts/program/oav-update.fc
file_contexts/program/openca-ca.fc
file_contexts/program/openca-common.fc
file_contexts/program/openvpn.fc
file_contexts/program/pam.fc
file_contexts/program/pamconsole.fc
file_contexts/program/passwd.fc
file_contexts/program/perdition.fc
file_contexts/program/ping.fc
file_contexts/program/portmap.fc
file_contexts/program/portslave.fc
file_contexts/program/postfix.fc
file_contexts/program/postgresql.fc
file_contexts/program/postgrey.fc
file_contexts/program/pppd.fc
file_contexts/program/prelink.fc
file_contexts/program/privoxy.fc
file_contexts/program/procmail.fc
file_contexts/program/pump.fc
file_contexts/program/pxe.fc
file_contexts/program/qmail.fc
file_contexts/program/quota.fc
file_contexts/program/radius.fc
file_contexts/program/radvd.fc
file_contexts/program/restorecon.fc
file_contexts/program/rhgb.fc
file_contexts/program/rlogind.fc
file_contexts/program/rpcd.fc
file_contexts/program/rpm.fc
file_contexts/program/rshd.fc
file_contexts/program/samba.fc
file_contexts/program/saslauthd.fc
file_contexts/program/save-entropy.fc
file_contexts/program/scannerdaemon.fc
file_contexts/program/screen.fc
file_contexts/program/screensaver.fc
file_contexts/program/sendmail.fc
file_contexts/program/setfiles.fc
file_contexts/program/seuser.fc
file_contexts/program/slapd.fc
file_contexts/program/slocate.fc
file_contexts/program/slrnpull.fc
file_contexts/program/snmpd.fc
file_contexts/program/snort.fc
file_contexts/program/sound-server.fc
file_contexts/program/sound.fc
file_contexts/program/spamassassin.fc
file_contexts/program/spamc.fc
file_contexts/program/spamd.fc
file_contexts/program/speedmgmt.fc
file_contexts/program/squid.fc
file_contexts/program/ssh-agent.fc
file_contexts/program/ssh.fc
file_contexts/program/su.fc
file_contexts/program/sudo.fc
file_contexts/program/sulogin.fc
file_contexts/program/sxid.fc
file_contexts/program/syslogd.fc
file_contexts/program/sysstat.fc
file_contexts/program/tcpd.fc
file_contexts/program/tftpd.fc
file_contexts/program/tinydns.fc
file_contexts/program/tmpreaper.fc
file_contexts/program/traceroute.fc
file_contexts/program/transproxy.fc
file_contexts/program/udev.fc
file_contexts/program/uml.fc
file_contexts/program/uml_net.fc
file_contexts/program/unconfined.fc
file_contexts/program/updfstab.fc
file_contexts/program/uptimed.fc
file_contexts/program/usbd.fc
file_contexts/program/usbmodules.fc
file_contexts/program/useradd.fc
file_contexts/program/userhelper.fc
file_contexts/program/usernetctl.fc
file_contexts/program/utempter.fc
file_contexts/program/uwimapd.fc
file_contexts/program/vmware.fc
file_contexts/program/watchdog.fc
file_contexts/program/webalizer.fc
file_contexts/program/xauth.fc
file_contexts/program/xdm.fc
file_contexts/program/xfs.fc
file_contexts/program/xprint.fc
file_contexts/program/xserver.fc
file_contexts/program/ypbind.fc
file_contexts/program/ypserv.fc
file_contexts/program/zebra.fc
file_contexts/runtime.fc
file_contexts/types.fc
files.lst
files.lst.sorted
flask
flask/Makefile
flask/access_vectors
flask/initial_sids
flask/mkaccess_vector.sh
flask/mkflask.sh
flask/security_classes
fs_use
genfs_contexts
genhomedircon
initial_sid_contexts
macros
macros/admin_macros.te
macros/base_user_macros.te
macros/core_macros.te
macros/global_macros.te
macros/mini_user_macros.te
macros/program
macros/program/apache_macros.te
macros/program/chkpwd_macros.te
macros/program/chroot_macros.te
macros/program/clamav_macros.te
macros/program/crond_macros.te
macros/program/crontab_macros.te
macros/program/cvs_macros.te
macros/program/fingerd_macros.te
macros/program/games_domain.te
macros/program/gpg_agent_macros.te
macros/program/gpg_macros.te
macros/program/gph_macros.te
macros/program/irc_macros.te
macros/program/login_macros.te
macros/program/lpr_macros.te
macros/program/mount_macros.te
macros/program/mozilla_macros.te
macros/program/mta_macros.te
macros/program/newrole_macros.te
macros/program/rhgb_macros.te
macros/program/run_program_macros.te
macros/program/screen_macros.te
macros/program/screensaver_macros.te
macros/program/sendmail_macros.te
macros/program/slocate_macros.te
macros/program/spamassassin_macros.te
macros/program/ssh_agent_macros.te
macros/program/ssh_macros.te
macros/program/su_macros.te
macros/program/sudo_macros.te
macros/program/uml_macros.te
macros/program/userhelper_macros.te
macros/program/x_client_macros.te
macros/program/xauth_macros.te
macros/program/xserver_macros.te
macros/program/ypbind_macros.te
macros/selinux_macros.te
macros/user_macros.te
mls
net_contexts
rbac
selinux-policy-strict.spec
selinux-policy-targeted.spec
serviceusers
types
types/device.te
types/devpts.te
types/file.te
types/network.te
types/nfs.te
types/procfs.te
types/security.te
types/x.te
users
